// Jest Snapshot v1, https://goo.gl/fbAQLP

exports[`should render EditExpense 1`] = `
<div>
  <div
    className="page-header"
  >
    <h1>
      Edit
    </h1>
  </div>
  <ExpenseForm
    expense={
      Object {
        "amount": 25600,
        "createdAt": 345600000,
        "description": "Credit Card",
        "id": "3",
        "note": "Blah blah",
      }
    }
    onSubmit={[Function]}
  />
  <button
    className="form__remove-button"
    onClick={[Function]}
  >
    Remove
  </button>
</div>
`;
